13:07:42 **** Incremental Build of configuration Debug for project LAB1_Excercise1 ****
make -j12 all 
arm-none-eabi-gcc "../Core/Src/main.c" -mcpu=cortex-m3 -std=gnu11 -g3 -DDEBUG -DUSE_HAL_DRIVER -DSTM32F103x6 -c -I../Core/Inc -I../Drivers/STM32F1xx_HAL_Driver/Inc -I../Drivers/STM32F1xx_HAL_Driver/Inc/Legacy -I../Drivers/CMSIS/Device/ST/STM32F1xx/Include -I../Drivers/CMSIS/Include -O0 -ffunction-sections -fdata-sections -Wall -fstack-usage -MMD -MP -MF"Core/Src/main.d" -MT"Core/Src/main.o" --specs=nano.specs -mfloat-abi=soft -mthumb -o "Core/Src/main.o"
arm-none-eabi-gcc -o "LAB1_Excercise1.elf" @"objects.list"   -mcpu=cortex-m3 -T"D:\BKU\CO3009\GitLab1\LAB1_Exercise1\STM32F103C6UX_FLASH.ld" --specs=nosys.specs -Wl,-Map="LAB1_Excercise1.map" -Wl,--gc-sections -static --specs=nano.specs -mfloat-abi=soft -mthumb -Wl,--start-group -lc -lm -Wl,--end-group
Finished building target: LAB1_Excercise1.elf
 
arm-none-eabi-size   LAB1_Excercise1.elf 
arm-none-eabi-objdump -h -S  LAB1_Excercise1.elf  > "LAB1_Excercise1.list"
   text	   data	    bss	    dec	    hex	filename
   3520	     20	   1572	   5112	   13f8	LAB1_Excercise1.elf
arm-none-eabi-objcopy  -O ihex  LAB1_Excercise1.elf  "LAB1_Excercise1.hex"
arm-none-eabi-objcopy  -O binary  LAB1_Excercise1.elf  "LAB1_Excercise1.bin"
Finished building: default.size.stdout
 
Finished building: LAB1_Excercise1.hex
Finished building: LAB1_Excercise1.list
Finished building: LAB1_Excercise1.bin
 
 
 

13:07:43 Build Finished. 0 errors, 0 warnings. (took 685ms)

